// Jest Snapshot v1, https://goo.gl/fbAQLP

exports[`Nav component matches snapshot 1`] = `
<DocumentFragment>
  <header
    class="flex-row px-1"
  >
    <h1>
      <a
        href="/"
      >
        Chad Rotruck
      </a>
    </h1>
    <nav>
      <ul
        class="flex-row"
      >
        <li
          class="mx-2"
        >
          About Me
        </li>
      </ul>
    </nav>
  </header>
</DocumentFragment>
`;
